
> @lolkda/dsh-skills-manager@0.1.0 check
> node --check client/client.js && node --test

✔ 未设覆盖时，agent 层看到 preset 层文件系统提供的全部技能 (462.3278ms)
✔ 停用后，该 agent 作用域里的裁决真的翻转（不碰源文件） (467.8668ms)
✔ R03: catalog-issued Chinese/space root keys support writes (17.9944ms)
✔ R04: broken files remain readable, repairable and deletable; policy requires winner (14.5728ms)
✔ R04: existing tool schemas can manage one unique broken document (7.7161ms)
✔ R04: shadowed entities may be edited, but forged docPath never bypasses catalog (23.7324ms)
✔ R04: ambiguous names are rejected; deleting a loser preserves the remaining override (10.6807ms)
✔ R08: registry selects the requested cwd and declines unrelated or unknown agent cwd (33.6463ms)
✔ R13: policy mismatches are reported; a legitimate overlay provider change is not (1.0306ms)
✔ R13: absent fields are not guessed; source conflicts are independently reported (0.2255ms)
✔ R14: reordered custom roots retain path-bound policy and configured precedence (6.9196ms)
✔ R14: legacy custom-N state is retained with diagnostics rather than guessed (2.4757ms)
✔ R15: logical collision flat/create (3.0283ms)
✔ R15: logical collision flat/import (2.7567ms)
✔ R15: logical collision flat/overwrite (5.29ms)
✔ R15: logical collision alias-bundle/create (2.6155ms)
✔ R15: logical collision alias-bundle/import (2.716ms)
✔ R15: logical collision alias-bundle/overwrite (5.232ms)
✔ Import overwrite permits an old attachment file to become a directory (6.3878ms)
✔ R22: a policy overlay preserves metadata through the real registry.get (21.4877ms)
✔ R23: flat/bundle ties match native filesystem and do not switch on enable (17.479ms)
✔ HTTP saves immediately invalidate the cached overlay catalog (14.9058ms)
✔ buildCatalog 按 rank 裁决重名，并保留被遮蔽项 (22.5092ms)
✔ buildCatalog 对坏文件仍列出并给出诊断 (3.584ms)
✔ 覆盖施加在胜出根上，且不会被文件策略覆盖 (4.9392ms)
✔ 对被遮蔽的根设置覆盖时不生效，并明确报出原因 (4.6698ms)
✔ overridesOf 只返回需要注册表覆盖的胜出技能 (3.8016ms)
✔ 文件不可读时记录 loadable=false 而不是抛错 (2.99ms)
✔ 解析失败的记录不参与仲裁，也不会被当成生效 (3.0624ms)
✔ 同名技能全部不可加载时，这个名字没有胜出者 (4.0044ms)
✔ 胜出集合与 DSH 实际加载的集合一致（坏记录被排除） (2.6927ms)
✔ P2 全链路：损坏技能通过界面 repair 走真实路由与磁盘 (301.0072ms)
✔ P2 全链路：损坏技能通过界面 delete 走真实路由与磁盘 (198.2109ms)
✔ P2：切换项目必须清理旧项目的 root 过滤器 (156.6551ms)
✔ P2：启停失败信息不会被后续成功的 GET 清掉 (60.3512ms)
✔ P2：删除失败保留错误和详情，不伪装成删除成功 (173.9884ms)
✔ P2：读取编辑正文的网络错误可见且不产生未处理拒绝 (125.4319ms)
✔ P2：上传读取失败时解除 busy，用户可取消并重试 (138.6787ms)
✔ P2：不可加载技能可展开诊断和编辑，不误称为同名遮蔽 (142.9794ms)
✔ P2：损坏技能的详情不能宣称当前模型可用 (94.9926ms)
✔ P2：同名但调用策略不同必须显示红色核对结果 (31.8772ms)
✔ P2：无法安全迁移的旧 custom 覆盖必须显示全局警告 (31.9832ms)
✔ P2：慢的旧项目响应不能覆盖后来选择的项目 (9317.7936ms)
✔ 挂载时拉取目录，并把技能、来源与状态渲染出来 (23.2251ms)
✔ 点击开关发出精确的策略请求，并重新拉取目录 (75.324ms)
✔ 接口报错时把错误显示出来，而不是白屏 (29.5702ms)
✔ 被遮蔽的技能不当作生效项，且开关被禁用 (31.804ms)
✔ 没有标签页，也没有搜索框 —— 面板直接就是技能列表 (30.533ms)
✔ 被 DSH 丢弃的技能显示「不可加载」并禁用开关 (48.27ms)
✔ 显示项目根是按哪个目录解析的 (31.3367ms)
✔ 钉住 cwd：首次拿到后用 ?cwd= 显式带回 (63.8488ms)
✔ 有多个候选目录时给出选择器，切换后按新目录重新解析 (136.3979ms)
✔ 与 DSH 实际解析一致时给出经实测的确认 (31.9632ms)
✔ 核对出多报/少报时点名列出，而不是含糊其辞 (31.753ms)
✔ 读不到注册表时不编造一致结论 (31.6378ms)
✔ 没有可用 agent 视图时不假装核对过 (32.545ms)
✔ 客户端 bundle 只请求 react，且返回 { name, inject, apply } (5.2258ms)
✔ 客户端把技能分区注册进 settings.section (1.1492ms)
✔ 客户端注入样式表，并在卸载时移除 (1.0415ms)
✔ 注册进 slots 的渲染函数包在错误边界里 (1.7156ms)
✔ 项目级启停按项目隔离，用户级共享 (75.361ms)
✔ 不带 ?cwd= 时，项目根的键不在候选里 —— 写入必须失败而不是写错地方 (44.4245ms)
✔ 两边一致时如实说一致 (2.0076ms)
✔ 多报要点名 —— 界面上有、模型收不到 (0.8402ms)
✔ 少报也要点名 —— 技能在生效而界面看不到 (0.2579ms)
✔ 比对的是合并后的结果：别的提供方供给的技能也算「收得到」 (0.1686ms)
✔ 被遮蔽的与加载不上的纪录不参与比对 (0.2156ms)
✔ 缺字段与坏输入不抛异常 (0.1605ms)
✔ 多报与少报同时存在时两句话都要说 (0.198ms)
✔ 被覆盖层接管的技能不算多报 —— 换了胜出者，技能本身还在 (0.161ms)
✔ isSkillName 只接受 kebab-case (2.0787ms)
✔ normalizeSkillName 把常见输入折叠成合法名字 (0.3107ms)
✔ splitDocument 识别有无 frontmatter 与未闭合 (0.7537ms)
✔ splitDocument 容忍 BOM 与 CRLF (0.3316ms)
✔ parseBoolean 拒绝被引用的布尔值 (0.3686ms)
✔ parseFrontmatter 解析标量、引号与块标量 (0.8654ms)
✔ readSkillDocument 给出与注册表一致的判定 (1.0038ms)
✔ readSkillDocument 对损坏文档给出可修复的诊断 (0.3432ms)
✔ buildSkillDocument 产出的文档能被自己读回 (0.3415ms)
✔ 值里未加引号的冒号会让整条技能被判为不可加载 (0.4138ms)
✔ 加了引号的冒号是合法的，不受影响 (0.186ms)
✔ URL 里的冒号不误伤 (0.2093ms)
✔ 解析不了的行按错误处理，而不是告警 (0.2644ms)
✔ 任何 error 级诊断都会让 loadable 为假 (0.1905ms)
✔ 界面新建技能：字段真的走到了磁盘上 (377.06ms)
✔ 界面导入技能：从路径导入走过的字段是真的 (186.0801ms)
✔ 界面查看与保存正文：改动落盘，界面里也读得到 (267.5023ms)
✔ 界面删除技能：先确认，再永久删除 (234.8657ms)
✔ 界面新建：名字非法时把话说出来，而不是静默什么都不发生 (327.2782ms)
✔ test\helpers\client-harness.mjs (55.1313ms)
✔ test\helpers\host-harness.mjs (140.5579ms)
✔ 覆盖导入提交失败：恢复成功时还原整个旧包 (11.9108ms)
✔ 覆盖导入提交失败：恢复失败时保留恢复路径 (5.1324ms)
✔ 只在宿主层注册覆盖，会被 preset 层的文件系统提供方压掉 (225.5661ms)
✔ 同一层里注册覆盖，rank 0 才能赢下裁决 (197.531ms)
✔ 覆盖胜出之后，技能的其它性质一个都不能变 (203.9145ms)
✔ HTTP 保存不能绕过 bundled 根的只读限制 (7.9659ms)
✔ HTTP 保存不能沿文档符号链接写到根外 (5.1262ms)
✔ HTTP 保存不能通过硬链接改动根外同一文件 (6.3604ms)
✔ 新建不能穿过指向根外的目录链接 (2.7737ms)
✔ 写盘失败不发布内存策略，排除障碍后同参数重试会真正保存 (7.0176ms)
✔ 清除覆盖写盘失败也不提前清空内存状态 (10.3638ms)
✔ 覆盖 ZIP 写入中途失败时保留原文档及全部附件 (7.5078ms)
✔ 成功覆盖导入替换整个包并保留新附件 (5.4796ms)
✔ within 只接受根目录内部的严格子孙路径 (2.7156ms)
✔ createSkill 规范化名字并落成 bundle 形态 (6.2202ms)
✔ createSkill 拒绝只读根与空描述 (0.6691ms)
✔ writeSkillContent 拒绝会把技能弄坏的内容 (4.2512ms)
✔ 删除技能：bundle 删整个目录，平铺文件删那个文件 (2.5749ms)
✔ 删除技能：平铺文件只删那个文件，不带走整个目录 (1.4205ms)
✔ 删除技能：只读根不给删，越界路径不给删 (0.7388ms)
✔ importFiles 从任意层级的技能目录导入并统一成 SKILL.md (5.0388ms)
✔ importFiles 平铺 Markdown 也落成 bundle (2.8018ms)
✔ importFiles 拒绝没有文档、文档损坏与越界条目 (2.7389ms)
✔ 导入同名技能默认拒绝，overwrite 才覆盖 (5.343ms)
✔ 保存到根目录之外的目标被拒绝 (0.9958ms)
✔ 一条被覆盖的技能读不出来时，不能把整份技能清单拖垮 (441.7696ms)
✔ apply 注册了路由、工具与两个提供方 (39.8971ms)
✔ 每个工具都声明了 ctx.tools.register 要求的完整 output (28.3764ms)
✔ 工具渲染把失败结果显示成可读文本 (32.7578ms)
✔ webServer 晚于插件就绪时，路由会等它出现再注册 (46.5775ms)
✔ GET /registry 没有 agent 时退回宿主层视图 (44.9188ms)
✔ GET /registry 有 agent 时，把该 agent 的作用域 key 传给注册表 (44.9592ms)
✔ agent 上下文没有作用域标记时如实报告，而不是退回 global 的空结果 (38.9687ms)
✔ GET /catalog 返回根与技能视图 (42.7372ms)
✔ POST /policy 停用后，注册表的真实裁决随之改变 (48.2267ms)
✔ POST /policy 能翻转文件里的 disable-model-invocation (39.4042ms)
✔ POST /skill/create 落盘，重复创建被拒 (43.3819ms)
✔ POST /skill/save 拒绝会弄坏技能的正文 (47.4677ms)
✔ 删除端点：文件真的从磁盘上没了 (43.7863ms)
✔ 删除技能会一并清掉它的启停覆盖 (48.6855ms)
✔ 未知 rootKey 与非回环 Host 被拒绝 (45.2716ms)
✔ validateHost 放行回环与受信主机 (0.425ms)
✔ catalog 返回解析用的 cwd 与候选目录列表 (29.9705ms)
✔ 没有会话时候选列表为空，而不是编一个出来 (31.6643ms)
✔ 无覆盖时，文件系统提供方的原始策略被如实反映 (72.5641ms)
✔ 停用覆盖压过文件级策略，且源文件保持不变 (33.4861ms)
✔ 启用覆盖能翻转文件里的 disable-model-invocation，且正文仍可加载 (48.925ms)
✔ 未覆盖的技能不受影响，仍由文件系统提供方服务 (47.2339ms)
✔ findProjectRoot 停在最近的 .git 祖先，找不到时退回 cwd (3.782ms)
✔ pathIdentity 在 Windows 上大小写不敏感 (0.1652ms)
✔ listRoots 按 rank 排序并与 dsh-skill-filesystem 的默认根对齐 (1.4748ms)
✔ listRoots 把 customSkillDirs 排在项目根之后、用户根之前 (0.6213ms)
✔ listRoots 的 includeDefaultRoots=false 只剩自定义根 (0.2976ms)
✔ 项目根的 key 编入项目路径，使两个项目互不干扰 (2.1409ms)
✔ scanRoot 只识别一层，并跳过隐藏项与非 markdown (14.9168ms)
✔ scanRoot 对不存在的根返回空而不是抛错 (0.263ms)
✔ normalizeRootKey 只接受已知形状，用于校验外部输入 (0.2789ms)
✔ agentCwd 只认 agent 自己会话的工作目录 (1.1932ms)
✔ agentScopeView 优先用 agent 自己的 cwd (0.3888ms)
✔ 拿不到 agent 的 cwd 时才退回调用方给的 (0.7556ms)
✔ 两边都没有 cwd 时不编一个出来，也不报错 (0.1823ms)
✔ 读不出作用域标识时如实拒绝，而不是退回 global 层的空结果 (0.431ms)
✔ scopeKeyOf 沿原型链找作用域标记 (0.3332ms)
✔ summarizeSnapshot 标出哪些来自本插件 (0.2668ms)
✔ 注册了七个工具，且每个都带 output.render (3.4638ms)
✔ skills_create → skills_list → skills_get 串起来真的建了文件 (7.8843ms)
✔ skills_update 改写正文，改的是磁盘上的文件 (5.9522ms)
✔ skills_update 拒绝会写坏的文档，且不碰磁盘 (4.4108ms)
✔ 每个工具的参数 schema 都落在 DSH 支持的子集里 (2.9266ms)
✔ skills_set_enabled 真的改了策略，而且没有动源文件 (12.891ms)
✔ skills_delete 永久删除，磁盘上不留痕迹 (4.8713ms)
✔ skills_import 能吃下 Markdown 文件、目录与 ZIP (24.4924ms)
✔ 参数不对时给出可读的失败，而不是抛异常 (1.5008ms)
✔ readZip 读出存储与 deflate 两种条目 (2.4577ms)
✔ readZip 对损坏与非 ZIP 输入明确失败 (0.2325ms)
✔ safeEntryPath 挡住 zip-slip 与 Windows 特例 (0.1904ms)
✔ readZip 拒绝含穿越路径的归档 (0.2837ms)
ℹ tests 168
ℹ suites 0
ℹ pass 168
ℹ fail 0
ℹ cancelled 0
ℹ skipped 0
ℹ todo 0
ℹ duration_ms 10421.1764
