
> @lolkda/dsh-skills-manager@0.1.0 check
> node --check client/client.js && node --test

✔ 未设覆盖时，agent 层看到 preset 层文件系统提供的全部技能 (488.8217ms)
✔ 停用后，该 agent 作用域里的裁决真的翻转（不碰源文件） (745.442ms)
✔ buildCatalog 按 rank 裁决重名，并保留被遮蔽项 (66.1237ms)
✔ buildCatalog 对坏文件仍列出并给出诊断 (7.358ms)
✔ 覆盖施加在胜出根上，且不会被文件策略覆盖 (6.4712ms)
✔ 对被遮蔽的根设置覆盖时不生效，并明确报出原因 (5.3667ms)
✔ overridesOf 只返回需要注册表覆盖的胜出技能 (11.5627ms)
✔ 文件不可读时记录 loadable=false 而不是抛错 (3.6401ms)
✔ 解析失败的记录不参与仲裁，也不会被当成生效 (5.2561ms)
✔ 同名技能全部不可加载时，这个名字没有胜出者 (4.1661ms)
✔ 胜出集合与 DSH 实际加载的集合一致（坏记录被排除） (3.2761ms)
✔ 挂载时拉取目录，并把技能、来源与状态渲染出来 (118.2435ms)
✔ 点击开关发出精确的策略请求，并重新拉取目录 (144.8154ms)
✔ 接口报错时把错误显示出来，而不是白屏 (36.0607ms)
✔ 被遮蔽的技能不当作生效项，且开关被禁用 (40.8197ms)
✔ 没有标签页，也没有搜索框 —— 面板直接就是技能列表 (48.9832ms)
✔ 被 DSH 丢弃的技能显示「不可加载」并禁用开关 (26.2381ms)
✔ 显示项目根是按哪个目录解析的 (32.8572ms)
✔ 钉住 cwd：首次拿到后用 ?cwd= 显式带回 (92.523ms)
✔ 有多个候选目录时给出选择器，切换后按新目录重新解析 (102.5499ms)
✔ 与 DSH 实际解析一致时给出经实测的确认 (47.1744ms)
✔ 核对出多报/少报时点名列出，而不是含糊其辞 (66.8488ms)
✔ 读不到注册表时不编造一致结论 (48.2562ms)
✔ 没有可用 agent 视图时不假装核对过 (28.7412ms)
✔ 客户端 bundle 只请求 react，且返回 { name, inject, apply } (12.5104ms)
✔ 客户端把技能分区注册进 settings.section (1.1664ms)
✔ 客户端注入样式表，并在卸载时移除 (2.1622ms)
✔ 注册进 slots 的渲染函数包在错误边界里 (1.9484ms)
✔ 项目级启停按项目隔离，用户级共享 (152.1336ms)
✔ 不带 ?cwd= 时，项目根的键不在候选里 —— 写入必须失败而不是写错地方 (44.1415ms)
✔ 两边一致时如实说一致 (3.2695ms)
✔ 多报要点名 —— 界面上有、模型收不到 (0.3987ms)
✔ 少报也要点名 —— 技能在生效而界面看不到 (0.3312ms)
✔ 比对的是合并后的结果：别的提供方供给的技能也算「收得到」 (0.2054ms)
✔ 被遮蔽的与加载不上的纪录不参与比对 (0.6723ms)
✔ 缺字段与坏输入不抛异常 (0.1939ms)
✔ 多报与少报同时存在时两句话都要说 (0.2692ms)
✔ 被覆盖层接管的技能不算多报 —— 换了胜出者，技能本身还在 (0.1893ms)
✔ isSkillName 只接受 kebab-case (4.9938ms)
✔ normalizeSkillName 把常见输入折叠成合法名字 (0.3976ms)
✔ splitDocument 识别有无 frontmatter 与未闭合 (0.8328ms)
✔ splitDocument 容忍 BOM 与 CRLF (0.2558ms)
✔ parseBoolean 拒绝被引用的布尔值 (0.2055ms)
✔ parseFrontmatter 解析标量、引号与块标量 (0.8101ms)
✔ readSkillDocument 给出与注册表一致的判定 (0.9952ms)
✔ readSkillDocument 对损坏文档给出可修复的诊断 (0.6629ms)
✔ buildSkillDocument 产出的文档能被自己读回 (0.605ms)
✔ 值里未加引号的冒号会让整条技能被判为不可加载 (1.1839ms)
✔ 加了引号的冒号是合法的，不受影响 (0.2921ms)
✔ URL 里的冒号不误伤 (0.3953ms)
✔ 解析不了的行按错误处理，而不是告警 (0.4292ms)
✔ 任何 error 级诊断都会让 loadable 为假 (0.5876ms)
✔ 界面新建技能：字段真的走到了磁盘上 (596.652ms)
✔ 界面导入技能：从路径导入走过的字段是真的 (277.3296ms)
✔ 界面查看与保存正文：改动落盘，界面里也读得到 (356.1937ms)
✔ 界面删除技能：先确认，再永久删除 (298.0574ms)
✔ 界面新建：名字非法时把话说出来，而不是静默什么都不发生 (437.6854ms)
✔ test\helpers\client-harness.mjs (136.9483ms)
✔ test\helpers\host-harness.mjs (392.2213ms)
✔ 只在宿主层注册覆盖，会被 preset 层的文件系统提供方压掉 (596.6602ms)
✔ 同一层里注册覆盖，rank 0 才能赢下裁决 (270.7109ms)
✔ 覆盖胜出之后，技能的其它性质一个都不能变 (214.4376ms)
✔ HTTP 保存不能绕过 bundled 根的只读限制 (28.4223ms)
✔ HTTP 保存不能沿文档符号链接写到根外 (16.0123ms)
✔ 新建不能穿过指向根外的目录链接 (4.1156ms)
✔ 写盘失败不发布内存策略，排除障碍后同参数重试会真正保存 (18.7376ms)
✔ 清除覆盖写盘失败也不提前清空内存状态 (20.0289ms)
✔ 覆盖 ZIP 写入中途失败时保留原文档及全部附件 (9.9967ms)
✔ 成功覆盖导入替换整个包并保留新附件 (12.7997ms)
✔ within 只接受根目录内部的严格子孙路径 (2.8349ms)
✔ createSkill 规范化名字并落成 bundle 形态 (12.4401ms)
✔ createSkill 拒绝只读根与空描述 (1.4228ms)
✔ writeSkillContent 拒绝会把技能弄坏的内容 (11.3213ms)
✔ 删除技能：bundle 删整个目录，平铺文件删那个文件 (5.7576ms)
✔ 删除技能：平铺文件只删那个文件，不带走整个目录 (6.7195ms)
✔ 删除技能：只读根不给删，越界路径不给删 (7.9227ms)
✔ importFiles 从任意层级的技能目录导入并统一成 SKILL.md (13.0335ms)
✔ importFiles 平铺 Markdown 也落成 bundle (13.0959ms)
✔ importFiles 拒绝没有文档、文档损坏与越界条目 (5.9649ms)
✔ 导入同名技能默认拒绝，overwrite 才覆盖 (9.216ms)
✔ 保存到根目录之外的目标被拒绝 (1.054ms)
✔ 一条被覆盖的技能读不出来时，不能把整份技能清单拖垮 (537.2204ms)
✔ apply 注册了路由、工具与两个提供方 (53.3144ms)
✔ 每个工具都声明了 ctx.tools.register 要求的完整 output (41.8504ms)
✔ 工具渲染把失败结果显示成可读文本 (53.6602ms)
✔ webServer 晚于插件就绪时，路由会等它出现再注册 (58.9834ms)
✔ GET /registry 没有 agent 时退回宿主层视图 (73.5628ms)
✔ GET /registry 有 agent 时，把该 agent 的作用域 key 传给注册表 (100.2242ms)
✔ agent 上下文没有作用域标记时如实报告，而不是退回 global 的空结果 (163.3965ms)
✔ GET /catalog 返回根与技能视图 (41.2664ms)
✔ POST /policy 停用后，注册表的真实裁决随之改变 (111.1272ms)
✔ POST /policy 能翻转文件里的 disable-model-invocation (78.0943ms)
✔ POST /skill/create 落盘，重复创建被拒 (40.9028ms)
✔ POST /skill/save 拒绝会弄坏技能的正文 (60.8003ms)
✔ 删除端点：文件真的从磁盘上没了 (77.5111ms)
✔ 删除技能会一并清掉它的启停覆盖 (50.4546ms)
✔ 未知 rootKey 与非回环 Host 被拒绝 (39.8709ms)
✔ validateHost 放行回环与受信主机 (0.433ms)
✔ catalog 返回解析用的 cwd 与候选目录列表 (55.6875ms)
✔ 没有会话时候选列表为空，而不是编一个出来 (42.1109ms)
✔ 无覆盖时，文件系统提供方的原始策略被如实反映 (95.3024ms)
✔ 停用覆盖压过文件级策略，且源文件保持不变 (55.892ms)
✔ 启用覆盖能翻转文件里的 disable-model-invocation，且正文仍可加载 (55.1493ms)
✔ 未覆盖的技能不受影响，仍由文件系统提供方服务 (48.4499ms)
✔ findProjectRoot 停在最近的 .git 祖先，找不到时退回 cwd (5.2241ms)
✔ pathIdentity 在 Windows 上大小写不敏感 (0.1852ms)
✔ listRoots 按 rank 排序并与 dsh-skill-filesystem 的默认根对齐 (1.7388ms)
✔ listRoots 把 customSkillDirs 排在项目根之后、用户根之前 (2.4346ms)
✔ listRoots 的 includeDefaultRoots=false 只剩自定义根 (0.3943ms)
✔ 项目根的 key 编入项目路径，使两个项目互不干扰 (1.3705ms)
✔ scanRoot 只识别一层，并跳过隐藏项与非 markdown (21.3612ms)
✔ scanRoot 对不存在的根返回空而不是抛错 (0.451ms)
✔ normalizeRootKey 只接受已知形状，用于校验外部输入 (0.3346ms)
✔ agentCwd 只认 agent 自己会话的工作目录 (1.2736ms)
✔ agentScopeView 优先用 agent 自己的 cwd (0.5705ms)
✔ 拿不到 agent 的 cwd 时才退回调用方给的 (2.504ms)
✔ 两边都没有 cwd 时不编一个出来，也不报错 (0.3592ms)
✔ 读不出作用域标识时如实拒绝，而不是退回 global 层的空结果 (0.384ms)
✔ scopeKeyOf 沿原型链找作用域标记 (0.2004ms)
✔ summarizeSnapshot 标出哪些来自本插件 (0.2167ms)
✔ 注册了七个工具，且每个都带 output.render (4.3132ms)
✔ skills_create → skills_list → skills_get 串起来真的建了文件 (20.8069ms)
✔ skills_update 改写正文，改的是磁盘上的文件 (10.9181ms)
✔ skills_update 拒绝会写坏的文档，且不碰磁盘 (6.062ms)
✔ 每个工具的参数 schema 都落在 DSH 支持的子集里 (4.5709ms)
✔ skills_set_enabled 真的改了策略，而且没有动源文件 (33.0128ms)
✔ skills_delete 永久删除，磁盘上不留痕迹 (5.9594ms)
✔ skills_import 能吃下 Markdown 文件、目录与 ZIP (41.5781ms)
✔ 参数不对时给出可读的失败，而不是抛异常 (2.1643ms)
✔ readZip 读出存储与 deflate 两种条目 (9.3137ms)
✔ readZip 对损坏与非 ZIP 输入明确失败 (0.4502ms)
✔ safeEntryPath 挡住 zip-slip 与 Windows 特例 (0.494ms)
✔ readZip 拒绝含穿越路径的归档 (0.519ms)
ℹ tests 133
ℹ suites 0
ℹ pass 133
ℹ fail 0
ℹ cancelled 0
ℹ skipped 0
ℹ todo 0
ℹ duration_ms 3258.8113
