✔ HTTP 保存不能绕过 bundled 根的只读限制 (18.46ms)
✔ HTTP 保存不能沿文档符号链接写到根外 (11.2122ms)
✔ 新建不能穿过指向根外的目录链接 (3.429ms)
✔ 写盘失败不发布内存策略，排除障碍后同参数重试会真正保存 (21.1942ms)
✔ 清除覆盖写盘失败也不提前清空内存状态 (17.4055ms)
✔ 覆盖 ZIP 写入中途失败时保留原文档及全部附件 (13.5777ms)
✔ 成功覆盖导入替换整个包并保留新附件 (10.5402ms)
✔ within 只接受根目录内部的严格子孙路径 (1.9964ms)
✔ createSkill 规范化名字并落成 bundle 形态 (11.6136ms)
✔ createSkill 拒绝只读根与空描述 (0.963ms)
✔ writeSkillContent 拒绝会把技能弄坏的内容 (5.1957ms)
✔ 删除技能：bundle 删整个目录，平铺文件删那个文件 (2.6225ms)
✔ 删除技能：平铺文件只删那个文件，不带走整个目录 (47.3138ms)
✔ 删除技能：只读根不给删，越界路径不给删 (1.1541ms)
✔ importFiles 从任意层级的技能目录导入并统一成 SKILL.md (12.9412ms)
✔ importFiles 平铺 Markdown 也落成 bundle (6.9434ms)
✔ importFiles 拒绝没有文档、文档损坏与越界条目 (4.1889ms)
✔ 导入同名技能默认拒绝，overwrite 才覆盖 (7.3329ms)
✔ 保存到根目录之外的目标被拒绝 (1.2562ms)
✔ apply 注册了路由、工具与两个提供方 (74.1707ms)
✔ 每个工具都声明了 ctx.tools.register 要求的完整 output (41.9376ms)
✔ 工具渲染把失败结果显示成可读文本 (46.4916ms)
✔ webServer 晚于插件就绪时，路由会等它出现再注册 (54.5412ms)
✔ GET /registry 没有 agent 时退回宿主层视图 (57.0157ms)
✔ GET /registry 有 agent 时，把该 agent 的作用域 key 传给注册表 (53.695ms)
✔ agent 上下文没有作用域标记时如实报告，而不是退回 global 的空结果 (38.7725ms)
✔ GET /catalog 返回根与技能视图 (40.7575ms)
✔ POST /policy 停用后，注册表的真实裁决随之改变 (59.7217ms)
✔ POST /policy 能翻转文件里的 disable-model-invocation (41.6583ms)
✔ POST /skill/create 落盘，重复创建被拒 (37.8864ms)
✔ POST /skill/save 拒绝会弄坏技能的正文 (53.6558ms)
✔ 删除端点：文件真的从磁盘上没了 (55.3115ms)
✔ 删除技能会一并清掉它的启停覆盖 (54.6962ms)
✔ 未知 rootKey 与非回环 Host 被拒绝 (43.7517ms)
✔ validateHost 放行回环与受信主机 (0.672ms)
✔ catalog 返回解析用的 cwd 与候选目录列表 (46.042ms)
✔ 没有会话时候选列表为空，而不是编一个出来 (52.1454ms)
✔ 注册了七个工具，且每个都带 output.render (8.319ms)
✔ skills_create → skills_list → skills_get 串起来真的建了文件 (42.8444ms)
✔ skills_update 改写正文，改的是磁盘上的文件 (7.7948ms)
✔ skills_update 拒绝会写坏的文档，且不碰磁盘 (9.9885ms)
✔ 每个工具的参数 schema 都落在 DSH 支持的子集里 (3.8001ms)
✔ skills_set_enabled 真的改了策略，而且没有动源文件 (32.4339ms)
✔ skills_delete 永久删除，磁盘上不留痕迹 (9.8553ms)
✔ skills_import 能吃下 Markdown 文件、目录与 ZIP (26.7317ms)
✔ 参数不对时给出可读的失败，而不是抛异常 (1.8199ms)
ℹ tests 46
ℹ suites 0
ℹ pass 46
ℹ fail 0
ℹ cancelled 0
ℹ skipped 0
ℹ todo 0
ℹ duration_ms 1308.3065
