✔ P2：切换项目必须清理旧项目的 root 过滤器 (157.2554ms)
✔ P2：启停失败信息不会被后续成功的 GET 清掉 (62.429ms)
✔ P2：删除失败保留错误和详情，不伪装成删除成功 (171.4725ms)
✔ P2：读取编辑正文的网络错误可见且不产生未处理拒绝 (137.512ms)
✔ P2：上传读取失败时解除 busy，用户可取消并重试 (124.7051ms)
✔ P2：不可加载技能可展开诊断和编辑，不误称为同名遮蔽 (125.4846ms)
✔ P2：同名但调用策略不同必须显示红色核对结果 (46.8512ms)
✖ P2：无法安全迁移的旧 custom 覆盖必须显示全局警告 (46.1452ms)
✔ P2：慢的旧项目响应不能覆盖后来选择的项目 (9286.2578ms)
✔ 挂载时拉取目录，并把技能、来源与状态渲染出来 (28.9116ms)
✔ 点击开关发出精确的策略请求，并重新拉取目录 (77.3406ms)
✔ 接口报错时把错误显示出来，而不是白屏 (31.9524ms)
✔ 被遮蔽的技能不当作生效项，且开关被禁用 (48.0241ms)
✔ 没有标签页，也没有搜索框 —— 面板直接就是技能列表 (29.7674ms)
✔ 被 DSH 丢弃的技能显示「不可加载」并禁用开关 (46.8675ms)
✔ 显示项目根是按哪个目录解析的 (29.989ms)
✖ 钉住 cwd：首次拿到后用 ?cwd= 显式带回 (78.3783ms)
✔ 有多个候选目录时给出选择器，切换后按新目录重新解析 (106.8692ms)
✔ 与 DSH 实际解析一致时给出经实测的确认 (46.2074ms)
✔ 核对出多报/少报时点名列出，而不是含糊其辞 (46.7287ms)
✔ 读不到注册表时不编造一致结论 (31.0349ms)
✔ 没有可用 agent 视图时不假装核对过 (30.9649ms)
✔ 客户端 bundle 只请求 react，且返回 { name, inject, apply } (10.0306ms)
✔ 客户端把技能分区注册进 settings.section (2.5816ms)
✔ 客户端注入样式表，并在卸载时移除 (1.6424ms)
✔ 注册进 slots 的渲染函数包在错误边界里 (2.6065ms)
ℹ tests 26
ℹ suites 0
ℹ pass 24
ℹ fail 2
ℹ cancelled 0
ℹ skipped 0
ℹ todo 0
ℹ duration_ms 10267.4865

✖ failing tests:

test at test\client-p2.test.mjs:125:1
✖ P2：无法安全迁移的旧 custom 覆盖必须显示全局警告 (46.1452ms)
  AssertionError [ERR_ASSERTION]: The input did not match the regular expression /legacy-custom-review-warning/. Input:
  
  ''
  
      at TestContext.<anonymous> (file:///F:/project/dsh-skills-manager/test/client-p2.test.mjs:130:10)
      at async Test.run (node:internal/test_runner/test:1332:7)
      at async Test.processPendingSubtests (node:internal/test_runner/test:911:7) {
    generatedMessage: true,
    code: 'ERR_ASSERTION',
    actual: '',
    expected: /legacy-custom-review-warning/,
    operator: 'match',
    diff: 'simple'
  }

test at test\client-render.test.mjs:204:1
✖ 钉住 cwd：首次拿到后用 ?cwd= 显式带回 (78.3783ms)
  AssertionError [ERR_ASSERTION]: 重新拉目录时也要带上
      at TestContext.<anonymous> (file:///F:/project/dsh-skills-manager/test/client-render.test.mjs:222:10)
      at async Test.run (node:internal/test_runner/test:1332:7)
      at async Test.processPendingSubtests (node:internal/test_runner/test:911:7) {
    generatedMessage: false,
    code: 'ERR_ASSERTION',
    actual: '/dsh-skills-manager/catalog',
    expected: /cwd=/,
    operator: 'match',
    diff: 'simple'
  }
