
> @lolkda/dsh-skills-manager@0.2.0 check
> node --check client/client.js && node --test

✔ 未设覆盖时，agent 层看到 preset 层文件系统提供的全部技能 (457.0386ms)
✔ 停用后，该 agent 作用域里的裁决真的翻转（不碰源文件） (446.0578ms)
✔ R03: catalog-issued Chinese/space root keys support writes (14.3473ms)
✔ R04: broken files remain readable, repairable and deletable; policy requires winner (17.8552ms)
✔ R04: existing tool schemas can manage one unique broken document (6.9251ms)
✔ R04: shadowed entities may be edited, but forged docPath never bypasses catalog (29.9691ms)
✔ R04: ambiguous names are rejected; deleting a loser preserves the remaining override (11.0706ms)
✔ R08: registry selects the requested cwd and declines unrelated or unknown agent cwd (36.4973ms)
✔ R13: policy mismatches are reported; a legitimate overlay provider change is not (1.1808ms)
✔ R13: absent fields are not guessed; source conflicts are independently reported (0.2505ms)
✔ R14: reordered custom roots retain path-bound policy and configured precedence (7.3701ms)
✔ R14: legacy custom-N state is retained with diagnostics rather than guessed (3.1721ms)
✔ R15: logical collision flat/create (2.9097ms)
✔ R15: logical collision flat/import (3.3504ms)
✔ R15: logical collision flat/overwrite (4.92ms)
✔ R15: logical collision alias-bundle/create (3.5254ms)
✔ R15: logical collision alias-bundle/import (2.7065ms)
✔ R15: logical collision alias-bundle/overwrite (4.9315ms)
✔ Import overwrite permits an old attachment file to become a directory (6.2948ms)
✔ R22: a policy overlay preserves metadata through the real registry.get (20.7807ms)
✔ R23: flat/bundle ties match native filesystem and do not switch on enable (16.5213ms)
✔ HTTP saves immediately invalidate the cached overlay catalog (13.7694ms)
✔ buildCatalog 按 rank 裁决重名，并保留被遮蔽项 (18.6442ms)
✔ buildCatalog 对坏文件仍列出并给出诊断 (3.5035ms)
✔ 覆盖施加在胜出根上，且不会被文件策略覆盖 (4.009ms)
✔ 对被遮蔽的根设置覆盖时不生效，并明确报出原因 (4.4136ms)
✔ overridesOf 只返回需要注册表覆盖的胜出技能 (3.5378ms)
✔ 文件不可读时记录 loadable=false 而不是抛错 (2.1873ms)
✔ 解析失败的记录不参与仲裁，也不会被当成生效 (3.3204ms)
✔ 同名技能全部不可加载时，这个名字没有胜出者 (3.1156ms)
✔ 胜出集合与 DSH 实际加载的集合一致（坏记录被排除） (2.8051ms)
✔ P2 全链路：损坏技能通过界面 repair 走真实路由与磁盘 (321.4251ms)
✔ P2 全链路：损坏技能通过界面 delete 走真实路由与磁盘 (208.9297ms)
✔ P2：切换项目必须清理旧项目的 root 过滤器 (175.1921ms)
✔ P2：启停失败信息不会被后续成功的 GET 清掉 (60.9971ms)
✔ P2：删除失败保留错误和详情，不伪装成删除成功 (178.5561ms)
✔ P2：读取编辑正文的网络错误可见且不产生未处理拒绝 (116.3936ms)
✔ P2：上传读取失败时解除 busy，用户可取消并重试 (124.4776ms)
✔ P2：不可加载技能可展开诊断和编辑，不误称为同名遮蔽 (110.4973ms)
✔ P2：损坏技能的详情不能宣称当前模型可用 (77.1682ms)
✔ P2：同名但调用策略不同必须显示红色核对结果 (31.0026ms)
✔ P2：无法安全迁移的旧 custom 覆盖必须显示全局警告 (31.8926ms)
✔ P2：慢的旧项目响应不能覆盖后来选择的项目 (9320.0146ms)
✔ 挂载时拉取目录，并把技能、来源与状态渲染出来 (29.8487ms)
✔ 点击开关发出精确的策略请求，并重新拉取目录 (91.5215ms)
✔ 接口报错时把错误显示出来，而不是白屏 (30.6031ms)
✔ 被遮蔽的技能不当作生效项，且开关被禁用 (46.3474ms)
✔ 没有标签页，也没有搜索框 —— 面板直接就是技能列表 (31.081ms)
✔ 被 DSH 丢弃的技能显示「不可加载」并禁用开关 (30.774ms)
✔ 显示项目根是按哪个目录解析的 (46.1642ms)
✔ 钉住 cwd：首次拿到后用 ?cwd= 显式带回 (76.6687ms)
✔ 有多个候选目录时给出选择器，切换后按新目录重新解析 (109.8913ms)
✔ 与 DSH 实际解析一致时给出经实测的确认 (46.5749ms)
✔ 核对出多报/少报时点名列出，而不是含糊其辞 (31.1956ms)
✔ 读不到注册表时不编造一致结论 (48.005ms)
✔ 没有可用 agent 视图时不假装核对过 (32.5262ms)
✔ 客户端 bundle 只请求 react，且返回 { name, inject, apply } (6.1293ms)
✔ 客户端把技能分区注册进 settings.section (1.3112ms)
✔ 客户端注入样式表，并在卸载时移除 (1.3561ms)
✔ 注册进 slots 的渲染函数包在错误边界里 (2.2181ms)
✔ 项目级启停按项目隔离，用户级共享 (76.4506ms)
✔ 不带 ?cwd= 时，项目根的键不在候选里 —— 写入必须失败而不是写错地方 (41.4424ms)
✔ 两边一致时如实说一致 (2.0082ms)
✔ 多报要点名 —— 界面上有、模型收不到 (0.3415ms)
✔ 少报也要点名 —— 技能在生效而界面看不到 (0.1975ms)
✔ 比对的是合并后的结果：别的提供方供给的技能也算「收得到」 (0.1658ms)
✔ 被遮蔽的与加载不上的纪录不参与比对 (0.2198ms)
✔ 缺字段与坏输入不抛异常 (0.163ms)
✔ 多报与少报同时存在时两句话都要说 (0.2031ms)
✔ 被覆盖层接管的技能不算多报 —— 换了胜出者，技能本身还在 (0.1599ms)
✔ isSkillName 只接受 kebab-case (1.9783ms)
✔ normalizeSkillName 把常见输入折叠成合法名字 (0.3508ms)
✔ splitDocument 识别有无 frontmatter 与未闭合 (0.6758ms)
✔ splitDocument 容忍 BOM 与 CRLF (0.2001ms)
✔ parseBoolean 拒绝被引用的布尔值 (0.3255ms)
✔ parseFrontmatter 解析标量、引号与块标量 (0.8548ms)
✔ readSkillDocument 给出与注册表一致的判定 (1.2326ms)
✔ readSkillDocument 对损坏文档给出可修复的诊断 (0.4325ms)
✔ buildSkillDocument 产出的文档能被自己读回 (0.348ms)
✔ 值里未加引号的冒号会让整条技能被判为不可加载 (0.4994ms)
✔ 加了引号的冒号是合法的，不受影响 (0.22ms)
✔ URL 里的冒号不误伤 (0.1761ms)
✔ 解析不了的行按错误处理，而不是告警 (0.1805ms)
✔ 任何 error 级诊断都会让 loadable 为假 (0.1665ms)
✔ 界面新建技能：字段真的走到了磁盘上 (326.0536ms)
✔ 界面导入技能：从路径导入走过的字段是真的 (156.9569ms)
✔ 界面查看与保存正文：改动落盘，界面里也读得到 (267.5206ms)
✔ 界面删除技能：先确认，再永久删除 (266.6904ms)
✔ 界面新建：名字非法时把话说出来，而不是静默什么都不发生 (343.8502ms)
✔ test\helpers\client-harness.mjs (53.5968ms)
✔ test\helpers\host-harness.mjs (137.4132ms)
✔ 覆盖导入提交失败：恢复成功时还原整个旧包 (9.9604ms)
✔ 覆盖导入提交失败：恢复失败时保留恢复路径 (4.7844ms)
✔ 只在宿主层注册覆盖，会被 preset 层的文件系统提供方压掉 (214.7861ms)
✔ 同一层里注册覆盖，rank 0 才能赢下裁决 (205.6755ms)
✔ 覆盖胜出之后，技能的其它性质一个都不能变 (227.1945ms)
✔ HTTP 保存不能绕过 bundled 根的只读限制 (8.7605ms)
✔ HTTP 保存不能沿文档符号链接写到根外 (5.7232ms)
✔ HTTP 保存不能通过硬链接改动根外同一文件 (6.6082ms)
✔ 新建不能穿过指向根外的目录链接 (3.0977ms)
✔ 写盘失败不发布内存策略，排除障碍后同参数重试会真正保存 (8.4088ms)
✔ 清除覆盖写盘失败也不提前清空内存状态 (10.1564ms)
✔ 覆盖 ZIP 写入中途失败时保留原文档及全部附件 (8.506ms)
✔ 成功覆盖导入替换整个包并保留新附件 (4.6896ms)
✔ within 只接受根目录内部的严格子孙路径 (1.8402ms)
✔ createSkill 规范化名字并落成 bundle 形态 (5.7969ms)
✔ createSkill 拒绝只读根与空描述 (0.8085ms)
✔ writeSkillContent 拒绝会把技能弄坏的内容 (3.5774ms)
✔ 删除技能：bundle 删整个目录，平铺文件删那个文件 (4.277ms)
✔ 删除技能：平铺文件只删那个文件，不带走整个目录 (1.6136ms)
✔ 删除技能：只读根不给删，越界路径不给删 (0.7318ms)
✔ importFiles 从任意层级的技能目录导入并统一成 SKILL.md (5.7104ms)
✔ importFiles 平铺 Markdown 也落成 bundle (2.3472ms)
✔ importFiles 拒绝没有文档、文档损坏与越界条目 (3.1011ms)
✔ 导入同名技能默认拒绝，overwrite 才覆盖 (6.1482ms)
✔ 保存到根目录之外的目标被拒绝 (1.315ms)
✔ 一条被覆盖的技能读不出来时，不能把整份技能清单拖垮 (472.9214ms)
✔ apply 注册了路由、工具与两个提供方 (40.8045ms)
✔ 每个工具都声明了 ctx.tools.register 要求的完整 output (28.9439ms)
✔ 工具渲染把失败结果显示成可读文本 (31.9937ms)
✔ webServer 晚于插件就绪时，路由会等它出现再注册 (49.5758ms)
✔ GET /registry 没有 agent 时退回宿主层视图 (45.528ms)
✔ GET /registry 有 agent 时，把该 agent 的作用域 key 传给注册表 (42.5054ms)
✔ agent 上下文没有作用域标记时如实报告，而不是退回 global 的空结果 (38.2558ms)
✔ GET /catalog 返回根与技能视图 (44.3762ms)
✔ POST /policy 停用后，注册表的真实裁决随之改变 (58.8861ms)
✔ POST /policy 能翻转文件里的 disable-model-invocation (65.3527ms)
✔ POST /skill/create 落盘，重复创建被拒 (42.1955ms)
✔ POST /skill/save 拒绝会弄坏技能的正文 (59.25ms)
✔ 删除端点：文件真的从磁盘上没了 (45.4933ms)
✔ 删除技能会一并清掉它的启停覆盖 (48.0999ms)
✔ 未知 rootKey 与非回环 Host 被拒绝 (41.7691ms)
✔ validateHost 放行回环与受信主机 (0.5632ms)
✔ catalog 返回解析用的 cwd 与候选目录列表 (46.7402ms)
✔ 没有会话时候选列表为空，而不是编一个出来 (45.566ms)
✔ 无覆盖时，文件系统提供方的原始策略被如实反映 (84.9769ms)
✔ 停用覆盖压过文件级策略，且源文件保持不变 (52.1588ms)
✔ 启用覆盖能翻转文件里的 disable-model-invocation，且正文仍可加载 (43.9132ms)
✔ 未覆盖的技能不受影响，仍由文件系统提供方服务 (39.0298ms)
✔ findProjectRoot 停在最近的 .git 祖先，找不到时退回 cwd (2.4762ms)
✔ pathIdentity 在 Windows 上大小写不敏感 (0.285ms)
✔ listRoots 按 rank 排序并与 dsh-skill-filesystem 的默认根对齐 (2.0285ms)
✔ listRoots 把 customSkillDirs 排在项目根之后、用户根之前 (0.8245ms)
✔ listRoots 的 includeDefaultRoots=false 只剩自定义根 (0.4902ms)
✔ 项目根的 key 编入项目路径，使两个项目互不干扰 (1.7261ms)
✔ scanRoot 只识别一层，并跳过隐藏项与非 markdown (18.772ms)
✔ scanRoot 对不存在的根返回空而不是抛错 (0.3463ms)
✔ normalizeRootKey 只接受已知形状，用于校验外部输入 (0.3207ms)
✔ agentCwd 只认 agent 自己会话的工作目录 (1.4331ms)
✔ agentScopeView 优先用 agent 自己的 cwd (0.4132ms)
✔ 拿不到 agent 的 cwd 时才退回调用方给的 (0.8554ms)
✔ 两边都没有 cwd 时不编一个出来，也不报错 (0.23ms)
✔ 读不出作用域标识时如实拒绝，而不是退回 global 层的空结果 (1.0687ms)
✔ scopeKeyOf 沿原型链找作用域标记 (0.3597ms)
✔ summarizeSnapshot 标出哪些来自本插件 (0.2294ms)
✔ 注册了七个工具，且每个都带 output.render (3.0428ms)
✔ skills_create → skills_list → skills_get 串起来真的建了文件 (7.448ms)
✔ skills_update 改写正文，改的是磁盘上的文件 (5.3542ms)
✔ skills_update 拒绝会写坏的文档，且不碰磁盘 (3.6105ms)
✔ 每个工具的参数 schema 都落在 DSH 支持的子集里 (2.942ms)
✔ skills_set_enabled 真的改了策略，而且没有动源文件 (12.6727ms)
✔ skills_delete 永久删除，磁盘上不留痕迹 (4.4781ms)
✔ skills_import 能吃下 Markdown 文件、目录与 ZIP (24.6341ms)
✔ 参数不对时给出可读的失败，而不是抛异常 (1.4727ms)
✔ readZip 读出存储与 deflate 两种条目 (2.6227ms)
✔ readZip 对损坏与非 ZIP 输入明确失败 (0.2602ms)
✔ safeEntryPath 挡住 zip-slip 与 Windows 特例 (0.2613ms)
✔ readZip 拒绝含穿越路径的归档 (0.3329ms)
ℹ tests 168
ℹ suites 0
ℹ pass 168
ℹ fail 0
ℹ cancelled 0
ℹ skipped 0
ℹ todo 0
ℹ duration_ms 10366.1666
